// Jest Snapshot v1, https://goo.gl/fbAQLP

exports[`TestSuite route Is match snapshot 1`] = `
<ContextProvider
  value={
    Object {
      "setShowRightDuringTest": [Function],
      "showRightDuringTest": false,
    }
  }
>
  <CssBaseline />
  <Component
    content={<Connect(Component) />}
    side={<Connect(Component) />}
  />
</ContextProvider>
`;
